[www.stacki.com/index.html]
[backblue.gif]
[fade.gif]
[index.html]
[www.stacki.com/wp-content/plugins/ds-live-composer/css/main3a05.css]
[www.stacki.com/wp-content/plugins/ds-live-composer/css/front/plugins3a05.css]
[www.stacki.com/wp-content/plugins/ds-live-composer/css/font-awesome3a05.css]
[www.stacki.com/wp-content/plugins/ds-live-composer/css/modules3a05.css]
[www.stacki.com/wp-content/plugins/ds-live-composer/tutorial/tutorial3a05.css]
[www.stacki.com/wp-content/plugins/likes/styles/zilla-likes3a05.css]
[www.stacki.com/wp-content/plugins/revslider/rs-plugin/css/settings81fb.css]
[www.stacki.com/wp-content/plugins/revslider/rs-plugin/css/captions81fb.css]
[www.stacki.com/wp-content/plugins/download-monitor/assets/css/frontend3a05.css]
[www.stacki.com/feed/index.html]
[www.stacki.com/wp-content/themes/slowave/style/css/bootstrap3a05.css]
[www.stacki.com/wp-content/themes/slowave/style/css/owl.carousel3a05.css]
[www.stacki.com/wp-content/themes/slowave/style/js/fancybox/jquery.fancybox3a05.css]
[www.stacki.com/comments/feed/index.html]
[www.stacki.com/home/feed/index.html]
[www.stacki.com/wp-content/themes/slowave/style/js/fancybox/helpers/jquery.fancybox-thumbs22f3.css]
[www.stacki.com/wp-content/themes/slowave/style/js/google-code-prettify/prettify3a05.css]
[www.stacki.com/wp-content/themes/slowave/style3a05.css]
[www.stacki.com/wp-content/themes/slowave/style/type/fontello3a05.css]
[www.stacki.com/wp-content/themes/slowave/style/type/budicons3a05.css]
[www.stacki.com/wp-content/themes/slowave/style/type/picons3a05.css]
[www.stacki.com/wp-content/themes/slowave/custom3a05.css]
[www.stacki.com/wp-includes/js/jquery/jquery-migrate.min1576.js]
[www.stacki.com/wp-content/plugins/likes/scripts/zilla-likes3a05.js]
[www.stacki.com/wp-content/plugins/ds-live-composer/js/front3a05.js]
[www.stacki.com/wp-includes/js/jquery/jquery4a80.js]
[www.stacki.com/xmlrpc0db0.php]
[www.stacki.com/wp-includes/wlwmanifest.xml]
[www.stacki.com/wp-content/plugins/revslider/rs-plugin/js/jquery.themepunch.revolution.min81fb.js]
[www.stacki.com/wp-content/uploads/2015/05/download_stacki_home_pg.png]
[www.stacki.com/wp-content/uploads/2015/05/clearpixel.png]
[www.stacki.com/wp-content/plugins/revslider/rs-plugin/js/jquery.themepunch.plugins.min81fb.js]
[www.stacki.com/wp-content/uploads/2015/05/stackiq_ftr_logo_120.png]
[www.stacki.com/wp-content/uploads/2015/05/stackiq_ftr_logo_120_2.png]
[www.stacki.com/wp-content/plugins/ds-live-composer/js/front-plugins3a05.js]
[www.stacki.com/wp-content/themes/slowave/style/js/bootstrap.min3a05.js]
[www.stacki.com/wp-content/themes/slowave/style/js/twitter-bootstrap-hover-dropdown.min3a05.js]
[www.stacki.com/wp-content/themes/slowave/style/js/jquery.fancybox.pack3a05.js]
[www.stacki.com/wp-content/themes/slowave/style/js/fancybox/helpers/jquery.fancybox-thumbs22f3.js]
[www.stacki.com/wp-content/themes/slowave/style/js/fancybox/helpers/jquery.fancybox-media8d5c.js]
[www.stacki.com/wp-content/themes/slowave/style/js/jquery.isotope.min3a05.js]
[www.stacki.com/wp-content/themes/slowave/style/js/jquery.easytabs.min3a05.js]
[www.stacki.com/wp-content/themes/slowave/style/js/owl.carousel.min3a05.js]
[www.stacki.com/wp-content/themes/slowave/style/js/jquery.fitvids3a05.js]
[www.stacki.com/wp-content/themes/slowave/style/js/jquery.sticky3a05.js]
[www.stacki.com/wp-content/themes/slowave/style/js/google-code-prettify/prettify3a05.js]
[www.stacki.com/wp-content/themes/slowave/style/js/retina3a05.js]
[www.stacki.com/wp-content/themes/slowave/style/js/gomap3a05.js]
[www.stacki.com/wp-content/themes/slowave/style/js/scripts3a05.js]
[www.stacki.com/index.html]
[www.stacki.com/wp-includes/js/comment-reply.min3a05.js]
[www.stacki.com/xmlrpc.php]
[www.stacki.com/wp-content/plugins/ds-live-composer/css/main3a05.css]
[www.stacki.com/Intro/index.html]
[www.stacki.com/wp-content/plugins/ds-live-composer/css/front/plugins3a05.css]
[www.stacki.com/wp-content/plugins/ds-live-composer/css/font/fontawesome-webfontf77b.eot]
[www.stacki.com/wp-content/plugins/ds-live-composer/css/font/fontawesome-webfontd41d.eot]
[www.stacki.com/wp-content/plugins/ds-live-composer/css/font/fontawesome-webfontf77b.woff]
[www.stacki.com/wp-content/plugins/ds-live-composer/css/font/fontawesome-webfontf77b.ttf]
[www.stacki.com/wp-content/plugins/ds-live-composer/css/font-awesome3a05.css]
[www.stacki.com/wp-content/plugins/ds-live-composer/css/modules3a05.css]
[www.stacki.com/wp-content/plugins/ds-live-composer/tutorial/tutorial3a05.css]
[www.stacki.com/wp-content/plugins/likes/images/heart.png]
[www.stacki.com/wp-content/plugins/likes/images/heart_active.png]
[www.stacki.com/wp-content/plugins/likes/styles/zilla-likes3a05.css]
[www.stacki.com/wp-content/plugins/revslider/rs-plugin/font/revicons90c6.eot]
[www.stacki.com/wp-content/plugins/revslider/rs-plugin/font/revicons90c6.woff]
[www.stacki.com/wp-content/plugins/revslider/rs-plugin/font/revicons90c6.ttf]
[www.stacki.com/wp-content/plugins/revslider/rs-plugin/assets/gridtile.png]
[www.stacki.com/wp-content/plugins/revslider/rs-plugin/assets/gridtile_white.png]
[www.stacki.com/wp-content/plugins/revslider/rs-plugin/assets/gridtile_3x3.png]
[www.stacki.com/wp-content/plugins/revslider/rs-plugin/assets/gridtile_3x3_white.png]
[www.stacki.com/wp-content/plugins/revslider/rs-plugin/assets/shadow1.png]
[www.stacki.com/wp-content/plugins/revslider/rs-plugin/assets/shadow2.png]
[www.stacki.com/wp-content/plugins/revslider/rs-plugin/assets/shadow3.png]
[www.stacki.com/wp-content/plugins/revslider/rs-plugin/images/gradient/g30.png]
[www.stacki.com/wp-content/plugins/revslider/rs-plugin/images/gradient/g40.png]
[www.stacki.com/wp-content/plugins/revslider/rs-plugin/assets/boxed_bgtile.png]
[www.stacki.com/wp-content/plugins/revslider/rs-plugin/assets/navigdots_bgtile.png]
[www.stacki.com/wp-content/plugins/revslider/rs-plugin/assets/bullet.png]
[www.stacki.com/wp-content/plugins/revslider/rs-plugin/assets/bullets.png]
[www.stacki.com/wp-content/plugins/revslider/rs-plugin/assets/bullets2.png]
[www.stacki.com/wp-content/plugins/revslider/rs-plugin/assets/bullet_boxed.png]
[www.stacki.com/wp-content/plugins/revslider/rs-plugin/assets/navigdots.png]
[www.stacki.com/wp-content/plugins/revslider/rs-plugin/assets/large_left.png]
[www.stacki.com/wp-content/plugins/revslider/rs-plugin/assets/large_right.png]
[www.stacki.com/wp-content/plugins/revslider/rs-plugin/assets/small_left.png]
[www.stacki.com/wp-content/plugins/revslider/rs-plugin/assets/small_right.png]
[www.stacki.com/wp-content/plugins/revslider/rs-plugin/assets/arrow_left.png]
[www.stacki.com/wp-content/plugins/revslider/rs-plugin/assets/arrow_right.png]
[www.stacki.com/wp-content/plugins/revslider/rs-plugin/assets/small_left_boxed.png]
[www.stacki.com/wp-content/plugins/revslider/rs-plugin/assets/small_right_boxed.png]
[www.stacki.com/wp-content/plugins/revslider/rs-plugin/assets/arrowleft.png]
[www.stacki.com/wp-content/plugins/revslider/rs-plugin/assets/arrowright.png]
[www.stacki.com/wp-content/plugins/revslider/rs-plugin/assets/arrow_left2.png]
[www.stacki.com/wp-content/plugins/revslider/rs-plugin/assets/arrow_right2.png]
[www.stacki.com/wp-content/plugins/revslider/rs-plugin/assets/timer.png]
[www.stacki.com/wp-content/plugins/revslider/rs-plugin/assets/coloredbg.png]
[www.stacki.com/wp-content/plugins/revslider/rs-plugin/css/settings81fb.css]
[www.stacki.com/wp-content/plugins/revslider/rs-plugin/assets/loader.gif]
[www.stacki.com/wp-content/plugins/revslider/rs-plugin/css/captions81fb.css]
[www.stacki.com/wp-content/plugins/download-monitor/assets/images/filetypes/document.png]
[www.stacki.com/wp-content/plugins/download-monitor/assets/images/filetypes/document-pdf.png]
[www.stacki.com/wp-content/plugins/download-monitor/assets/images/filetypes/document-music.png]
[www.stacki.com/wp-content/plugins/download-monitor/assets/images/filetypes/document-film.png]
[www.stacki.com/wp-content/plugins/download-monitor/assets/images/filetypes/document-zipper.png]
[www.stacki.com/wp-content/plugins/download-monitor/assets/images/filetypes/document-excel.png]
[www.stacki.com/wp-content/plugins/download-monitor/assets/images/filetypes/document-word-text.png]
[www.stacki.com/wp-content/plugins/download-monitor/assets/images/filetypes/document-illustrator.png]
[www.stacki.com/wp-content/plugins/download-monitor/assets/images/filetypes/document-flash-movie.png]
[www.stacki.com/wp-content/plugins/download-monitor/assets/images/filetypes/document-image.png]
[www.stacki.com/wp-content/plugins/download-monitor/assets/images/filetypes/document-photoshop.png]
[www.stacki.com/wp-content/plugins/download-monitor/assets/images/filetypes/document-powerpoint.png]
[www.stacki.com/wp-content/plugins/download-monitor/assets/images/filetypes/document-code.png]
[www.stacki.com/wp-content/plugins/download-monitor/assets/images/filetypes/document-text-image.png]
[www.stacki.com/wp-content/plugins/download-monitor/assets/images/filetypes/document-text.png]
[www.stacki.com/wp-content/plugins/download-monitor/assets/css/frontend3a05.css]
[www.stacki.com/wp-content/themes/slowave/style/css/bootstrap3a05.css]
[www.stacki.com/wp-content/themes/slowave/style/images/grabbing.png]
[www.stacki.com/wp-content/themes/slowave/style/css/owl.carousel3a05.css]
[www.stacki.com/wp-content/themes/slowave/style/js/fancybox/blank.gif]
[www.stacki.com/wp-content/themes/slowave/style/js/fancybox/fancybox_overlay.png]
[www.stacki.com/wp-content/themes/slowave/style/js/fancybox/jquery.fancybox3a05.css]
[www.stacki.com/wp-content/themes/slowave/style/js/fancybox/helpers/jquery.fancybox-thumbs22f3.css]
[www.stacki.com/wp-content/themes/slowave/style/js/google-code-prettify/prettify3a05.css]
[www.stacki.com/wp-content/themes/slowave/style/images/loading.gif]
[www.stacki.com/wp-content/themes/slowave/style/images/loading@2x.gif]
[www.stacki.com/wp-content/themes/slowave/style/images/timer.png]
[www.stacki.com/wp-content/themes/slowave/style3a05.css]
[www.stacki.com/wp-content/themes/slowave/style/images/fancy-loading.gif]
[www.stacki.com/wp-content/themes/slowave/style/type/fontello/fontello.eot]
[www.stacki.com/wp-content/themes/slowave/style/type/fontello/fontellod41d.eot]
[www.stacki.com/wp-content/themes/slowave/style/type/fontello/fontello.woff]
[www.stacki.com/wp-content/themes/slowave/style/type/fontello/fontello.ttf]
[www.stacki.com/wp-content/themes/slowave/style/type/fontello/fontello-social.eot]
[www.stacki.com/wp-content/themes/slowave/style/type/fontello/fontello-sociald41d.eot]
[www.stacki.com/wp-content/themes/slowave/style/type/fontello/fontello-social.woff]
[www.stacki.com/wp-content/themes/slowave/style/type/fontello/fontello-social.ttf]
[www.stacki.com/wp-content/themes/slowave/style/type/fontello/fontello-circlee8cb.eot]
[www.stacki.com/wp-content/themes/slowave/style/type/fontello/fontello-circlee8cb.woff]
[www.stacki.com/wp-content/themes/slowave/style/type/fontello/fontello-circlee8cb.ttf]
[www.stacki.com/wp-content/themes/slowave/style/type/fontello3a05.css]
[www.stacki.com/wp-content/themes/slowave/style/type/budicons/budicon.eot]
[www.stacki.com/wp-content/themes/slowave/style/type/budicons/budicon.woff]
[www.stacki.com/wp-content/themes/slowave/style/type/budicons/budicon.ttf]
[www.stacki.com/wp-content/themes/slowave/style/type/budicons3a05.css]
[www.stacki.com/wp-content/themes/slowave/style/type/budicons/budicond41d.eot]
[www.stacki.com/wp-content/themes/slowave/style/type/picons/piconsthin.eot]
[www.stacki.com/wp-content/themes/slowave/style/type/picons/piconsthind41d.eot]
[www.stacki.com/wp-content/themes/slowave/style/type/picons/piconsthin.woff]
[www.stacki.com/wp-content/themes/slowave/style/type/picons/piconsthin.ttf]
[www.stacki.com/wp-content/themes/slowave/style/type/picons3a05.css]
[www.stacki.com/wp-content/themes/slowave/custom3a05.css]
[www.stacki.com/wp-admin/admin-ajaxd4aa.php]
[www.stacki.com/wp-content/plugins/ds-live-composer/css/A.main.css,qver=4.2.2.pagespeed.cf.Qop6wdwRWu.css]
[www.stacki.com/wp-content/plugins/ds-live-composer/css/front/A.plugins.css,qver=4.2.2.pagespeed.cf.dRXCQB9FG4.css]
[www.stacki.com/wp-content/plugins/ds-live-composer/css/A.font-awesome.css,qver=4.2.2.pagespeed.cf.nshgsKDuku.css]
[www.stacki.com/wp-content/plugins/ds-live-composer/css/A.modules.css,qver=4.2.2.pagespeed.cf.4abdMK3uzQ.css]
[www.stacki.com/wp-content/plugins/ds-live-composer/tutorial/A.tutorial.css,qver=4.2.2.pagespeed.cf.IShiGL8Avi.css]
[www.stacki.com/wp-content/plugins/likes/images/xheart.png.pagespeed.ic.vpLkqmr04C.png]
[www.stacki.com/wp-content/plugins/likes/images/xheart_active.png.pagespeed.ic.0kPhQZiOVi.png]
[www.stacki.com/wp-content/plugins/revslider/rs-plugin/css/A.settings.css,qrev=4.2.1,aver=4.2.2.pagespeed.cf.8Y--4lHbJv.css]
[www.stacki.com/wp-content/plugins/revslider/rs-plugin/css/A.captions.php,qrev=4.2.1,aver=4.2.2.pagespeed.cf.ExIoBkHpNu.css]
[www.stacki.com/wp-content/plugins/download-monitor/assets/css/A.frontend.css,qver=4.2.2.pagespeed.cf.OVW2_-N4n8.css]
[www.stacki.com/wp-content/themes/slowave/style/css/A.bootstrap.css,qver=4.2.2.pagespeed.cf.wUsoTPro-z.css]
[www.stacki.com/wp-content/themes/slowave/style/css/A.owl.carousel.css,qver=4.2.2.pagespeed.cf.V7FVWVgsua.css]
[www.stacki.com/wp-content/themes/slowave/style/js/fancybox/A.jquery.fancybox.css,qver=4.2.2.pagespeed.cf.G9E0r_HUSZ.css]
[www.stacki.com/wp-content/themes/slowave/A.style.css,qver=4.2.2.pagespeed.cf.iJ7Nz1UndC.css]
[www.stacki.com/wp-content/themes/slowave/style/type/A.fontello.css,qver=4.2.2.pagespeed.cf.XIsticGILI.css]
[www.stacki.com/wp-content/themes/slowave/style/type/A.budicons.css,qver=4.2.2.pagespeed.cf.9seimG-54K.css]
[www.stacki.com/wp-includes/js/jquery/jquery-migrate.min.js,qver=1.2.1.pagespeed.jm.mhpNjdU8Wl.js]
[www.stacki.com/wp-content/plugins/ds-live-composer/js/front.js,qver=4.2.2.pagespeed.jm.Svr2RWDNkS.js]
[www.stacki.com/intro/feed/index.html]
[www.stacki.com/wp-content/uploads/2015/05/clearpixel.png.pagespeed.ce.l4wb7knXrV.png]
[www.stacki.com/wp-content/uploads/2015/05/xstackiq_ftr_logo_120.png.pagespeed.ic.VBF8kZPVoP.png]
[www.stacki.com/wp-content/uploads/2015/05/xstackiq_ftr_logo_120_2.png.pagespeed.ic.x-DXH1jwlt.png]
[www.stacki.com/wp-includes/js/jquery/jquery.js,qver=1.11.2.pagespeed.jm.0kUhGt7Mm3.js]
[www.stacki.com/wp-content/themes/slowave/style/js/fancybox/helpers/jquery.fancybox-media.js,qv=1.0.0,aver=4.2.2.pagespeed.jm.kY2VtwCzJC.js]
[www.stacki.com/wp-content/themes/slowave/style/js/bootstrap.min.js,qver=4.2.2.pagespeed.jm.6om1RBL9Sy.js]
[www.stacki.com/Intro/index.html]
[www.stacki.com/wp-content/plugins/revslider/rs-plugin/js/jquery.themepunch.plugins.min.js,qrev=4.2.1,aver=4.2.2.pagespeed.jm.k7edlXrMnr.js]
[www.stacki.com/wp-content/plugins/ds-live-composer/css/front/grabbing.html]
[www.stacki.com/wp-content/themes/slowave/style/js/jquery.isotope.min.js,qver=4.2.2.pagespeed.jm.DKavVb309U.js]
[www.stacki.com/wp-content/plugins/ds-live-composer/css/front/AjaxLoader.html]
[www.stacki.com/wp-content/themes/slowave/style/js/jquery.easytabs.min.js,,qver==4.2.2,Mjm.vvc1nDhFdr.js+owl.carousel.min.js,,qver==4.2.2,Mjm._YoxE1g4nB.js.pagespeed.jc.oXCxs8cwlv.js]
[www.stacki.com/wp-content/plugins/ds-live-composer/css/font/fontawesome-webfont.svg]
[www.stacki.com/wp-content/themes/slowave/style/js/twitter-bootstrap-hover-dropdown.min.js,,qver==4.2.2,Mjm.R--wkYI0rF.js+jquery.fancybox.pack.js,,qver==4.2.2,Mjm.K5jQHFKG0b.js+fancybox,_helpers,_jquery.fancybox-thumbs.js,,qv==1]
[www.stacki.com/wp-content/plugins/revslider/rs-plugin/font/revicons90c6.svg]
[www.stacki.com/wp-content/themes/slowave/style/fonts/glyphicons-halflings-regular.html]
[www.stacki.com/wp-content/themes/slowave/style/fonts/glyphicons-halflings-regulard41d.html]
[www.stacki.com/wp-content/themes/slowave/style/fonts/glyphicons-halflings-regular-2.html]
[www.stacki.com/wp-content/themes/slowave/style/fonts/glyphicons-halflings-regular-3.html]
[www.stacki.com/wp-content/themes/slowave/style/fonts/glyphicons-halflings-regular-4.html]
[www.stacki.com/wp-content/themes/slowave/style/js/fancybox/fancybox_sprite.html]
[www.stacki.com/wp-content/themes/slowave/style/js/fancybox/fancybox_loading.html]
[www.stacki.com/wp-content/themes/slowave/style/js/fancybox/fancybox_sprite@2x.html]
[www.stacki.com/wp-content/themes/slowave/style/js/fancybox/fancybox_loading@2x.html]
[www.stacki.com/wp-content/themes/slowave/style/type/fontello/fontello.svg]
[www.stacki.com/wp-content/themes/slowave/style/type/fontello/fontello-social.svg]
[www.stacki.com/wp-content/themes/slowave/style/type/fontello/fontello-circlee8cb.svg]
[www.stacki.com/wp-content/themes/slowave/style/type/budicons/budicon.svg]
[www.stacki.com/wp-content/themes/slowave/style/type/picons/piconsthin.svg]
[www.stacki.com/wp-content/plugins/ds-live-composer/css/A.main.css,qver=4.2.2.pagespeed.cf.Qop6wdwRWu.css]
[www.stacki.com/wp-content/plugins/ds-live-composer/css/front/A.plugins.css,qver=4.2.2.pagespeed.cf.dRXCQB9FG4.css]
[www.stacki.com/wp-content/plugins/ds-live-composer/css/A.font-awesome.css,qver=4.2.2.pagespeed.cf.nshgsKDuku.css]
[www.stacki.com/wp-content/plugins/ds-live-composer/css/A.modules.css,qver=4.2.2.pagespeed.cf.4abdMK3uzQ.css]
[www.stacki.com/wp-content/plugins/ds-live-composer/tutorial/A.tutorial.css,qver=4.2.2.pagespeed.cf.IShiGL8Avi.css]
[www.stacki.com/intro/index-2.html]
[www.stacki.com/wp-content/plugins/revslider/rs-plugin/css/A.settings.css,qrev=4.2.1,aver=4.2.2.pagespeed.cf.8Y--4lHbJv.css]
[www.stacki.com/wp-content/plugins/revslider/rs-plugin/css/A.captions.php,qrev=4.2.1,aver=4.2.2.pagespeed.cf.ExIoBkHpNu.css]
[www.stacki.com/wp-content/plugins/revslider/rs-plugin/assets/xgridtile.png.pagespeed.ic.jHoNokq0WL.png]
[www.stacki.com/wp-content/plugins/download-monitor/assets/images/filetypes/xdocument.png.pagespeed.ic.LaDgEWe--3.png]
[www.stacki.com/wp-content/plugins/download-monitor/assets/css/A.frontend.css,qver=4.2.2.pagespeed.cf.OVW2_-N4n8.css]
[www.stacki.com/wp-content/themes/slowave/style/css/A.bootstrap.css,qver=4.2.2.pagespeed.cf.wUsoTPro-z.css]
[www.stacki.com/wp-content/themes/slowave/style/css/A.owl.carousel.css,qver=4.2.2.pagespeed.cf.V7FVWVgsua.css]
[www.stacki.com/wp-content/themes/slowave/style/js/fancybox/A.jquery.fancybox.css,qver=4.2.2.pagespeed.cf.G9E0r_HUSZ.css]
[www.stacki.com/wp-content/themes/slowave/style/images/loading.gif.pagespeed.ce.AtDzIkgC8J.gif]
[www.stacki.com/wp-content,_themes,_slowave,_style,_js,_jquery.sticky.js,,qver==4.2.2,Mjm.PGE3pQ9sRT.js+wp-content,_themes,_slowave,_style,_js,_google-code-prettify,_prettify.js,,qver==4.2.2,Mjm.1PQmfZRTSW.js+wp-content,_themes,]
[www.stacki.com/wp-content/themes/slowave/A.style.css,qver=4.2.2.pagespeed.cf.iJ7Nz1UndC.css]
[www.stacki.com/wp-content/themes/slowave/style/images/fancy-loading.gif.pagespeed.ce.1BF0f1Um6J.gif]
[www.stacki.com/wp-content/themes/slowave/style/type/A.fontello.css,qver=4.2.2.pagespeed.cf.XIsticGILI.css]
[www.stacki.com/wp-content/themes/slowave/style/type/A.budicons.css,qver=4.2.2.pagespeed.cf.9seimG-54K.css]
[www.stacki.com/intro/index-2.html]
[www.stacki.com/index5f87.html]
[www.stacki.com/wp-admin/admin-ajaxca30.php]
[www.stacki.com/wp-admin/admin-ajax7a12.php]
